[    0.000000] Initializing cgroup subsys cpuset
[    0.000000] Initializing cgroup subsys cpu
[    0.000000] Initializing cgroup subsys cpuacct
[    0.000000] Linux version 4.4.0-78-generic (buildd@lgw01-11) (gcc version 5.4.0 20160609 (Ubuntu 5.4.0-6ubuntu1~16.04.4) ) #99-Ubuntu SMP Thu Apr 27 15:29:09 UTC 2017 (Ubuntu 4.4.0-78.99-generic 4.4.62)
[    0.000000] Command line: BOOT_IMAGE=/boot/vmlinuz-4.4.0-78-generic root=LABEL=cloudimg-rootfs ro console=tty1 console=ttyS0
[    0.000000] KERNEL supported cpus:
[    0.000000]   Intel GenuineIntel
[    0.000000]   AMD AuthenticAMD
[    0.000000]   Centaur CentaurHauls
[    0.000000] x86/fpu: xstate_offset[2]:  576, xstate_sizes[2]:  256
[    0.000000] x86/fpu: Supporting XSAVE feature 0x01: 'x87 floating point registers'
[    0.000000] x86/fpu: Supporting XSAVE feature 0x02: 'SSE registers'
[    0.000000] x86/fpu: Supporting XSAVE feature 0x04: 'AVX registers'
[    0.000000] x86/fpu: Enabled xstate features 0x7, context size is 832 bytes, using 'standard' format.
[    0.000000] x86/fpu: Using 'lazy' FPU context switches.
[    0.000000] e820: BIOS-provided physical RAM map:
[    0.000000] BIOS-e820: [mem 0x0000000000000000-0x000000000009fbff] usable
[    0.000000] BIOS-e820: [mem 0x000000000009fc00-0x000000000009ffff] reserved
[    0.000000] BIOS-e820: [mem 0x00000000000f0000-0x00000000000fffff] reserved
[    0.000000] BIOS-e820: [mem 0x0000000000100000-0x00000000dffeffff] usable
[    0.000000] BIOS-e820: [mem 0x00000000dfff0000-0x00000000dfffffff] ACPI data
[    0.000000] BIOS-e820: [mem 0x00000000fec00000-0x00000000fec00fff] reserved
[    0.000000] BIOS-e820: [mem 0x00000000fee00000-0x00000000fee00fff] reserved
[    0.000000] BIOS-e820: [mem 0x00000000fffc0000-0x00000000ffffffff] reserved
[    0.000000] BIOS-e820: [mem 0x0000000100000000-0x000000011fffffff] usable
[    0.000000] NX (Execute Disable) protection: active
[    0.000000] SMBIOS 2.5 present.
[    0.000000] Hypervisor detected: KVM
[    0.000000] e820: last_pfn = 0x120000 max_arch_pfn = 0x400000000
[    0.000000] MTRR: Disabled
[    0.000000] x86/PAT: MTRRs disabled, skipping PAT initialization too.
[    0.000000] x86/PAT: Configuration [0-7]: WB  WT  UC- UC  WB  WT  UC- UC  
[    0.000000] CPU MTRRs all blank - virtualized system.
[    0.000000] e820: last_pfn = 0xdfff0 max_arch_pfn = 0x400000000
[    0.000000] found SMP MP-table at [mem 0x0009fff0-0x0009ffff] mapped at [ffff88000009fff0]
[    0.000000] Scanning 1 areas for low memory corruption
[    0.000000] RAMDISK: [mem 0x36ae6000-0x3756afff]
[    0.000000] ACPI: Early table checksum verification disabled
[    0.000000] ACPI: RSDP 0x00000000000E0000 000024 (v02 VBOX  )
[    0.000000] ACPI: XSDT 0x00000000DFFF0030 00003C (v01 VBOX   VBOXXSDT 00000001 ASL  00000061)
[    0.000000] ACPI: FACP 0x00000000DFFF00F0 0000F4 (v04 VBOX   VBOXFACP 00000001 ASL  00000061)
[    0.000000] ACPI: DSDT 0x00000000DFFF0470 0021C8 (v02 VBOX   VBOXBIOS 00000002 INTL 20160831)
[    0.000000] ACPI: FACS 0x00000000DFFF0200 000040
[    0.000000] ACPI: FACS 0x00000000DFFF0200 000040
[    0.000000] ACPI: APIC 0x00000000DFFF0240 00005C (v02 VBOX   VBOXAPIC 00000001 ASL  00000061)
[    0.000000] ACPI: SSDT 0x00000000DFFF02A0 0001CC (v01 VBOX   VBOXCPUT 00000002 INTL 20160831)
[    0.000000] No NUMA configuration found
[    0.000000] Faking a node at [mem 0x0000000000000000-0x000000011fffffff]
[    0.000000] NODE_DATA(0) allocated [mem 0x11fff7000-0x11fffbfff]
[    0.000000] kvm-clock: Using msrs 4b564d01 and 4b564d00
[    0.000000] kvm-clock: cpu 0, msr 1:1ffef001, primary cpu clock
[    0.000000] kvm-clock: using sched offset of 3221779532 cycles
[    0.000000] clocksource: kvm-clock: mask: 0xffffffffffffffff max_cycles: 0x1cd42e4dffb, max_idle_ns: 881590591483 ns
[    0.000000] Zone ranges:
[    0.000000]   DMA      [mem 0x0000000000001000-0x0000000000ffffff]
[    0.000000]   DMA32    [mem 0x0000000001000000-0x00000000ffffffff]
[    0.000000]   Normal   [mem 0x0000000100000000-0x000000011fffffff]
[    0.000000]   Device   empty
[    0.000000] Movable zone start for each node
[    0.000000] Early memory node ranges
[    0.000000]   node   0: [mem 0x0000000000001000-0x000000000009efff]
[    0.000000]   node   0: [mem 0x0000000000100000-0x00000000dffeffff]
[    0.000000]   node   0: [mem 0x0000000100000000-0x000000011fffffff]
[    0.000000] Initmem setup node 0 [mem 0x0000000000001000-0x000000011fffffff]
[    0.000000] ACPI: PM-Timer IO Port: 0x4008
[    0.000000] IOAPIC[0]: apic_id 2, version 32, address 0xfec00000, GSI 0-23
[    0.000000] ACPI: INT_SRC_OVR (bus 0 bus_irq 0 global_irq 2 dfl dfl)
[    0.000000] ACPI: INT_SRC_OVR (bus 0 bus_irq 9 global_irq 9 high level)
[    0.000000] Using ACPI (MADT) for SMP configuration information
[    0.000000] smpboot: Allowing 2 CPUs, 0 hotplug CPUs
[    0.000000] PM: Registered nosave memory: [mem 0x00000000-0x00000fff]
[    0.000000] PM: Registered nosave memory: [mem 0x0009f000-0x0009ffff]
[    0.000000] PM: Registered nosave memory: [mem 0x000a0000-0x000effff]
[    0.000000] PM: Registered nosave memory: [mem 0x000f0000-0x000fffff]
[    0.000000] PM: Registered nosave memory: [mem 0xdfff0000-0xdfffffff]
[    0.000000] PM: Registered nosave memory: [mem 0xe0000000-0xfebfffff]
[    0.000000] PM: Registered nosave memory: [mem 0xfec00000-0xfec00fff]
[    0.000000] PM: Registered nosave memory: [mem 0xfec01000-0xfedfffff]
[    0.000000] PM: Registered nosave memory: [mem 0xfee00000-0xfee00fff]
[    0.000000] PM: Registered nosave memory: [mem 0xfee01000-0xfffbffff]
[    0.000000] PM: Registered nosave memory: [mem 0xfffc0000-0xffffffff]
[    0.000000] e820: [mem 0xe0000000-0xfebfffff] available for PCI devices
[    0.000000] Booting paravirtualized kernel on KVM
[    0.000000] clocksource: refined-jiffies: mask: 0xffffffff max_cycles: 0xffffffff, max_idle_ns: 7645519600211568 ns
[    0.000000] setup_percpu: NR_CPUS:512 nr_cpumask_bits:512 nr_cpu_ids:2 nr_node_ids:1
[    0.000000] PERCPU: Embedded 33 pages/cpu @ffff88011fc00000 s98264 r8192 d28712 u1048576
[    0.000000] PV qspinlock hash table entries: 256 (order: 0, 4096 bytes)
[    0.000000] Built 1 zonelists in Node order, mobility grouping on.  Total pages: 1032057
[    0.000000] Policy zone: Normal
[    0.000000] Kernel command line: BOOT_IMAGE=/boot/vmlinuz-4.4.0-78-generic root=LABEL=cloudimg-rootfs ro console=tty1 console=ttyS0
[    0.000000] PID hash table entries: 4096 (order: 3, 32768 bytes)
[    0.000000] Memory: 4032320K/4193848K available (8469K kernel code, 1294K rwdata, 3984K rodata, 1484K init, 1316K bss, 161528K reserved, 0K cma-reserved)
[    0.000000] SLUB: HWalign=64, Order=0-3, MinObjects=0, CPUs=2, Nodes=1
[    0.000000] Hierarchical RCU implementation.
[    0.000000] 	Build-time adjustment of leaf fanout to 64.
[    0.000000] 	RCU restricting CPUs from NR_CPUS=512 to nr_cpu_ids=2.
[    0.000000] RCU: Adjusting geometry for rcu_fanout_leaf=64, nr_cpu_ids=2
[    0.000000] NR_IRQS:33024 nr_irqs:440 16
[    0.000000] Console: colour VGA+ 80x25
[    0.000000] console [tty1] enabled
[    0.000000] console [ttyS0] enabled
[    0.000000] tsc: Detected 2491.824 MHz processor
[    0.524175] Calibrating delay loop (skipped) preset value.. 4983.64 BogoMIPS (lpj=9967296)
[    0.533182] pid_max: default: 32768 minimum: 301
[    0.541602] ACPI: Core revision 20150930
[    0.548957] ACPI: 2 ACPI AML tables successfully acquired and loaded
[    0.550608] Security Framework initialized
[    0.553027] Yama: becoming mindful.
[    0.559287] AppArmor: AppArmor initialized
[    0.567039] Dentry cache hash table entries: 524288 (order: 10, 4194304 bytes)
[    0.577119] Inode-cache hash table entries: 262144 (order: 9, 2097152 bytes)
[    0.584432] Mount-cache hash table entries: 8192 (order: 4, 65536 bytes)
[    0.596820] Mountpoint-cache hash table entries: 8192 (order: 4, 65536 bytes)
[    0.599620] Initializing cgroup subsys io
[    0.607866] Initializing cgroup subsys memory
[    0.620149] Initializing cgroup subsys devices
[    0.626358] Initializing cgroup subsys freezer
[    0.632025] Initializing cgroup subsys net_cls
[    0.636416] Initializing cgroup subsys perf_event
[    0.643109] Initializing cgroup subsys net_prio
[    0.644018] Initializing cgroup subsys hugetlb
[    0.657890] Initializing cgroup subsys pids
[    0.660380] CPU: Physical Processor ID: 0
[    0.664084] CPU: Processor Core ID: 0
[    0.665000] mce: CPU supports 0 MCE banks
[    0.665938] Last level iTLB entries: 4KB 512, 2MB 8, 4MB 8
[    0.667153] Last level dTLB entries: 4KB 512, 2MB 32, 4MB 32, 1GB 0
[    0.670970] Freeing SMP alternatives memory: 32K (ffffffff820b8000 - ffffffff820c0000)
[    0.688052] ftrace: allocating 32120 entries in 126 pages
[    0.766444] smpboot: APIC(0) Converting physical 0 to logical package 0
[    0.773365] smpboot: Max logical packages: 1
[    0.777084] x2apic enabled
[    0.779422] Switched APIC routing to physical x2apic.
[    0.785022] ..TIMER: vector=0x30 apic1=0 pin1=2 apic2=-1 pin2=-1
[    0.899541] smpboot: CPU0: Intel(R) Core(TM) i5-2520M CPU @ 2.50GHz (family: 0x6, model: 0x2a, stepping: 0x7)
[    0.929150] Performance Events: unsupported p6 CPU model 42 no PMU driver, software events only.
[    0.930916] KVM setup paravirtual spinlock
[    0.932935] x86: Booting SMP configuration:
[    0.944313] .... node  #0, CPUs:      #1
[    0.945194] kvm-clock: cpu 1, msr 1:1ffef041, secondary cpu clock
[    0.946265] mce: CPU supports 0 MCE banks
[    0.956667] x86: Booted up 1 node, 2 CPUs
[    0.963971] smpboot: Total of 2 processors activated (9967.29 BogoMIPS)
[    0.965395] devtmpfs: initialized
[    0.972567] evm: security.selinux
[    0.973407] evm: security.SMACK64
[    0.974127] evm: security.SMACK64EXEC
[    0.976121] evm: security.SMACK64TRANSMUTE
[    1.002050] evm: security.SMACK64MMAP
[    1.003012] evm: security.ima
[    1.022451] evm: security.capability
[    1.050997] clocksource: jiffies: mask: 0xffffffff max_cycles: 0xffffffff, max_idle_ns: 7645041785100000 ns
[    1.083205] futex hash table entries: 512 (order: 3, 32768 bytes)
[    1.099475] pinctrl core: initialized pinctrl subsystem
[    1.104268] RTC time:  4:42:41, date: 06/23/17
[    1.118282] NET: Registered protocol family 16
[    1.135488] cpuidle: using governor ladder
[    1.159500] cpuidle: using governor menu
[    1.177604] PCCT header not found.
[    1.178553] ACPI: bus type PCI registered
[    1.179531] acpiphp: ACPI Hot Plug PCI Controller Driver version: 0.5
[    1.186754] PCI: Using configuration type 1 for base access
[    1.208564] ACPI: Added _OSI(Module Device)
[    1.215022] ACPI: Added _OSI(Processor Device)
[    1.241953] ACPI: Added _OSI(3.0 _SCP Extensions)
[    1.266320] ACPI: Added _OSI(Processor Aggregator Device)
[    1.273707] ACPI: Executed 1 blocks of module-level executable AML code
[    1.334103] ACPI: Interpreter enabled
[    1.353715] ACPI: (supports S0 S5)
[    1.374074] ACPI: Using IOAPIC for interrupt routing
[    1.383807] PCI: Using host bridge windows from ACPI; if necessary, use "pci=nocrs" and report a bug
[    1.401589] ACPI: PCI Root Bridge [PCI0] (domain 0000 [bus 00-ff])
[    1.411475] acpi PNP0A03:00: _OSC: OS supports [ASPM ClockPM Segments MSI]
[    1.413937] acpi PNP0A03:00: _OSC failed (AE_NOT_FOUND); disabling ASPM
[    1.416417] acpi PNP0A03:00: fail to add MMCONFIG information, can't access extended PCI configuration space under this bridge.
[    1.419143] PCI host bridge to bus 0000:00
[    1.445905] pci_bus 0000:00: root bus resource [io  0x0000-0x0cf7 window]
[    1.446975] pci_bus 0000:00: root bus resource [io  0x0d00-0xffff window]
[    1.448128] pci_bus 0000:00: root bus resource [mem 0x000a0000-0x000bffff window]
[    1.467727] pci_bus 0000:00: root bus resource [mem 0xe0000000-0xffdfffff window]
[    1.474447] pci_bus 0000:00: root bus resource [bus 00-ff]
[    1.477263] pci 0000:00:01.1: legacy IDE quirk: reg 0x10: [io  0x01f0-0x01f7]
[    1.494891] pci 0000:00:01.1: legacy IDE quirk: reg 0x14: [io  0x03f6]
[    1.495924] pci 0000:00:01.1: legacy IDE quirk: reg 0x18: [io  0x0170-0x0177]
[    1.497020] pci 0000:00:01.1: legacy IDE quirk: reg 0x1c: [io  0x0376]
[    1.564646] pci 0000:00:07.0: quirk: [io  0x4000-0x403f] claimed by PIIX4 ACPI
[    1.589557] pci 0000:00:07.0: quirk: [io  0x4100-0x410f] claimed by PIIX4 SMB
[    1.629895] ACPI: PCI Interrupt Link [LNKA] (IRQs 5 9 10 *11)
[    1.644311] ACPI: PCI Interrupt Link [LNKB] (IRQs 5 9 10 *11)
[    1.645704] ACPI: PCI Interrupt Link [LNKC] (IRQs 5 9 *10 11)
[    1.647116] ACPI: PCI Interrupt Link [LNKD] (IRQs 5 *9 10 11)
[    1.648633] ACPI: Enabled 2 GPEs in block 00 to 07
[    1.650020] vgaarb: setting as boot device: PCI:0000:00:02.0
[    1.658606] vgaarb: device added: PCI:0000:00:02.0,decodes=io+mem,owns=io+mem,locks=none
[    1.660102] vgaarb: loaded
[    1.660693] vgaarb: bridge control possible 0000:00:02.0
[    1.661930] SCSI subsystem initialized
[    1.663890] ACPI: bus type USB registered
[    1.664678] usbcore: registered new interface driver usbfs
[    1.665621] usbcore: registered new interface driver hub
[    1.666529] usbcore: registered new device driver usb
[    1.667789] PCI: Using ACPI for IRQ routing
[    1.668851] NetLabel: Initializing
[    1.669561] NetLabel:  domain hash size = 128
[    1.670340] NetLabel:  protocols = UNLABELED CIPSOv4
[    1.672271] NetLabel:  unlabeled traffic allowed by default
[    1.673484] amd_nb: Cannot enumerate AMD northbridges
[    1.679781] clocksource: Switched to clocksource kvm-clock
[    1.688713] AppArmor: AppArmor Filesystem Enabled
[    1.705471] pnp: PnP ACPI init
[    1.706912] pnp: PnP ACPI: found 3 devices
[    1.717114] clocksource: acpi_pm: mask: 0xffffff max_cycles: 0xffffff, max_idle_ns: 2085701024 ns
[    1.726623] NET: Registered protocol family 2
[    1.802744] TCP established hash table entries: 32768 (order: 6, 262144 bytes)
[    1.817421] TCP bind hash table entries: 32768 (order: 7, 524288 bytes)
[    1.819474] TCP: Hash tables configured (established 32768 bind 32768)
[    1.826566] UDP hash table entries: 2048 (order: 4, 65536 bytes)
[    1.840837] UDP-Lite hash table entries: 2048 (order: 4, 65536 bytes)
[    1.841968] NET: Registered protocol family 1
[    1.842762] pci 0000:00:00.0: Limiting direct PCI/PCI transfers
[    1.880856] pci 0000:00:01.0: Activating ISA DMA hang workarounds
[    1.901554] Unpacking initramfs...
[    3.853374] Freeing initrd memory: 10772K (ffff880036ae6000 - ffff88003756b000)
[    3.860237] PCI-DMA: Using software bounce buffering for IO (SWIOTLB)
[    3.865330] software IO TLB [mem 0xdbff0000-0xdfff0000] (64MB) mapped at [ffff8800dbff0000-ffff8800dffeffff]
[    3.872019] RAPL PMU detected, API unit is 2^-32 Joules, 3 fixed counters 10737418240 ms ovfl timer
[    3.879028] hw unit of domain pp0-core 2^-0 Joules
[    3.881226] hw unit of domain package 2^-0 Joules
[    3.882305] hw unit of domain pp1-gpu 2^-0 Joules
[    3.883470] platform rtc_cmos: registered platform RTC device (no PNP device found)
[    3.890793] Scanning for low memory corruption every 60 seconds
[    3.899423] audit: initializing netlink subsys (disabled)
[    3.902209] audit: type=2000 audit(1498192968.343:1): initialized
[    3.909777] Initialise system trusted keyring
[    3.911346] HugeTLB registered 2 MB page size, pre-allocated 0 pages
[    3.915072] zbud: loaded
[    3.917157] VFS: Disk quotas dquot_6.6.0
[    3.918213] VFS: Dquot-cache hash table entries: 512 (order 0, 4096 bytes)
[    3.925346] squashfs: version 4.0 (2009/01/31) Phillip Lougher
[    3.931069] fuse init (API version 7.23)
[    3.933898] Key type big_key registered
[    3.936708] Allocating IMA MOK and blacklist keyrings.
[    3.943049] Key type asymmetric registered
[    3.949285] Asymmetric key parser 'x509' registered
[    3.950404] Block layer SCSI generic (bsg) driver version 0.4 loaded (major 249)
[    3.952299] io scheduler noop registered
[    3.961704] io scheduler deadline registered (default)
[    3.962869] io scheduler cfq registered
[    3.963889] pci_hotplug: PCI Hot Plug PCI Core version: 0.5
[    3.965070] pciehp: PCI Express Hot Plug Controller Driver version: 0.4
[    3.968767] ACPI: AC Adapter [AC] (off-line)
[    3.972731] input: Power Button as /devices/LNXSYSTM:00/LNXPWRBN:00/input/input0
[    3.991285] ACPI: Power Button [PWRF]
[    3.997689] input: Sleep Button as /devices/LNXSYSTM:00/LNXSLPBN:00/input/input1
[    4.001079] ACPI: Sleep Button [SLPF]
[    4.002237] GHES: HEST is not enabled!
[    4.003078] ACPI: Battery Slot [BAT0] (battery present)
[    4.007603] Serial: 8250/16550 driver, 32 ports, IRQ sharing enabled
[    4.030513] 00:02: ttyS0 at I/O 0x3f8 (irq = 4, base_baud = 115200) is a 16550A
[    4.047967] Linux agpgart interface v0.103
[    4.054683] loop: module loaded
[    4.071807] scsi host0: ata_piix
[    4.085826] scsi host1: ata_piix
[    4.086666] ata1: PATA max UDMA/33 cmd 0x1f0 ctl 0x3f6 bmdma 0xd000 irq 14
[    4.088054] ata2: PATA max UDMA/33 cmd 0x170 ctl 0x376 bmdma 0xd008 irq 15
[    4.089676] libphy: Fixed MDIO Bus: probed
[    4.091833] tun: Universal TUN/TAP device driver, 1.6
[    4.098309] tun: (C) 1999-2004 Max Krasnyansky <maxk@qualcomm.com>
[    4.099836] PPP generic driver version 2.4.2
[    4.101191] ehci_hcd: USB 2.0 'Enhanced' Host Controller (EHCI) Driver
[    4.110225] ehci-pci: EHCI PCI platform driver
[    4.111065] ehci-platform: EHCI generic platform driver
[    4.111966] ohci_hcd: USB 1.1 'Open' Host Controller (OHCI) Driver
[    4.112969] ohci-pci: OHCI PCI platform driver
[    4.120585] ohci-platform: OHCI generic platform driver
[    4.122826] uhci_hcd: USB Universal Host Controller Interface driver
[    4.126532] i8042: PNP: PS/2 Controller [PNP0303:PS2K,PNP0f03:PS2M] at 0x60,0x64 irq 1,12
[    4.143461] serio: i8042 KBD port at 0x60,0x64 irq 1
[    4.144605] serio: i8042 AUX port at 0x60,0x64 irq 12
[    4.147066] mousedev: PS/2 mouse device common for all mice
[    4.148719] input: AT Translated Set 2 keyboard as /devices/platform/i8042/serio0/input/input2
[    4.156140] rtc_cmos rtc_cmos: rtc core: registered rtc_cmos as rtc0
[    4.156210] rtc_cmos rtc_cmos: alarms up to one day, 114 bytes nvram
[    4.156219] i2c /dev entries driver
[    4.156285] device-mapper: uevent: version 1.0.3
[    4.156344] device-mapper: ioctl: 4.34.0-ioctl (2015-10-28) initialised: dm-devel@redhat.com
[    4.156367] ledtrig-cpu: registered to indicate activity on CPUs
[    4.170095] NET: Registered protocol family 10
[    4.170324] NET: Registered protocol family 17
[    4.170338] Key type dns_resolver registered
[    4.173400] microcode: CPU0 sig=0x206a7, pf=0x10, revision=0x0
[    4.173416] microcode: CPU1 sig=0x206a7, pf=0x10, revision=0x0
[    4.173510] microcode: Microcode Update Driver: v2.01 <tigran@aivazian.fsnet.co.uk>, Peter Oruba
[    4.173744] registered taskstats version 1
[    4.173763] Loading compiled-in X.509 certificates
[    4.174890] Loaded X.509 cert 'Build time autogenerated kernel key: 779fd75203f0d36b99b83c7328fac831ec7adf9e'
[    4.174925] zswap: loaded using pool lzo/zbud
[    4.177945] Key type trusted registered
[    4.181546] Key type encrypted registered
[    4.181552] AppArmor: AppArmor sha1 policy hashing enabled
[    4.181555] ima: No TPM chip found, activating TPM-bypass!
[    4.181580] evm: HMAC attrs: 0x1
[    4.181986]   Magic number: 5:833:717
[    4.184790] rtc_cmos rtc_cmos: setting system clock to 2017-06-23 04:42:44 UTC (1498192964)
[    4.184922] BIOS EDD facility v0.16 2004-Jun-25, 0 devices found
[    4.184922] EDD information not available.
[    4.252661] Freeing unused kernel memory: 1484K (ffffffff81f45000 - ffffffff820b8000)
[    4.322063] Write protecting the kernel read-only data: 14336k
[    4.342732] Freeing unused kernel memory: 1760K (ffff880001848000 - ffff880001a00000)
[    4.382417] Freeing unused kernel memory: 112K (ffff880001de4000 - ffff880001e00000)
Loading, please wait...
starting version[    4.403870] random: systemd-udevd: uninitialized urandom read (16 bytes read, 3 bits of entropy available)
 229
[    4.404918] random: udevadm: uninitialized urandom read (16 bytes read, 3 bits of entropy available)
[    4.404962] random: udevadm: uninitialized urandom read (16 bytes read, 3 bits of entropy available)
[    4.405097] random: udevadm: uninitialized urandom read (16 bytes read, 3 bits of entropy available)
[    4.405148] random: udevadm: uninitialized urandom read (16 bytes read, 3 bits of entropy available)
[    4.405225] random: udevadm: uninitialized urandom read (16 bytes read, 3 bits of entropy available)
[    4.405275] random: udevadm: uninitialized urandom read (16 bytes read, 3 bits of entropy available)
[    4.405328] random: udevadm: uninitialized urandom read (16 bytes read, 3 bits of entropy available)
[    4.405389] random: udevadm: uninitialized urandom read (16 bytes read, 3 bits of entropy available)
[    4.405437] random: udevadm: uninitialized urandom read (16 bytes read, 3 bits of entropy available)
[    4.787819] e1000: Intel(R) PRO/1000 Network Driver - version 7.3.21-k8-NAPI
[    4.811800] e1000: Copyright (c) 1999-2006 Intel Corporation.
[    4.817116] Fusion MPT base driver 3.04.20
[    4.833200] Copyright (c) 1999-2008 LSI Corporation
[    4.841800] Fusion MPT SPI Host driver 3.04.20
[    4.867404] AVX version of gcm_enc/dec engaged.
[    4.891511] AES CTR mode by8 optimization enabled
[    4.891877] tsc: Refined TSC clocksource calibration: 2491.041 MHz
[    4.891879] clocksource: tsc: mask: 0xffffffffffffffff max_cycles: 0x23e82a8feba, max_idle_ns: 440795257776 ns
[    5.040876] input: ImExPS/2 Generic Explorer Mouse as /devices/platform/i8042/serio1/input/input4
[    5.235384] e1000 0000:00:03.0 eth0: (PCI:33MHz:32-bit) 02:a1:c7:cf:6b:93
[    5.245680] e1000 0000:00:03.0 eth0: Intel(R) PRO/1000 Network Connection
[    5.616203] e1000 0000:00:08.0 eth1: (PCI:33MHz:32-bit) 08:00:27:d5:ec:39
[    5.622679] e1000 0000:00:08.0 eth1: Intel(R) PRO/1000 Network Connection
[    5.625531] e1000 0000:00:03.0 enp0s3: renamed from eth0
[    5.651784] mptbase: ioc0: Initiating bringup
[    5.672239] e1000 0000:00:08.0 enp0s8: renamed from eth1
[    5.728204] ioc0: LSI53C1030 A0: Capabilities={Initiator}
[    5.895862] scsi host2: ioc0: LSI53C1030 A0, FwRev=00000000h, Ports=1, MaxQ=256, IRQ=20
[    6.016818] scsi 2:0:0:0: Direct-Access     VBOX     HARDDISK         1.0  PQ: 0 ANSI: 5
[    6.103528] scsi target2:0:0: Beginning Domain Validation
[    6.114165] scsi target2:0:0: Domain Validation skipping write tests
[    6.126785] scsi target2:0:0: Ending Domain Validation
[    6.141588] scsi target2:0:0: asynchronous
[    6.162215] scsi 2:0:1:0: Direct-Access     VBOX     HARDDISK         1.0  PQ: 0 ANSI: 5
[    6.172215] scsi target2:0:1: Beginning Domain Validation
[    6.175871] scsi target2:0:1: Domain Validation skipping write tests
[    6.231289] scsi target2:0:1: Ending Domain Validation
[    6.281602] scsi target2:0:1: asynchronous
[    6.288423] sd 2:0:0:0: [sda] 20971520 512-byte logical blocks: (10.7 GB/10.0 GiB)
[    6.361600] sd 2:0:0:0: Attached scsi generic sg0 type 0
[    6.363137] sd 2:0:1:0: [sdb] 20480 512-byte logical blocks: (10.5 MB/10.0 MiB)
[    6.364786] sd 2:0:1:0: Attached scsi generic sg1 type 0
[    6.364808] sd 2:0:0:0: [sda] Write Protect is off
[    6.366698] sd 2:0:1:0: [sdb] Write Protect is off
[    6.367699] sd 2:0:0:0: [sda] Incomplete mode parameter data
[    6.368846] sd 2:0:0:0: [sda] Assuming drive cache: write through
[    6.374550] sd 2:0:1:0: [sdb] Incomplete mode parameter data
[    6.374552] sd 2:0:1:0: [sdb] Assuming drive cache: write through
[    6.377048] sd 2:0:1:0: [sdb] Attached SCSI disk
[    6.443742]  sda: sda1
[    6.455035] sd 2:0:0:0: [sda] Attached SCSI disk
[    7.844200] floppy0: no floppy controllers found
Begin: Loading e[    9.287200] md: linear personality registered for level -1
ssential drivers ... [    9.324875] md: multipath personality registered for level -4
[    9.464359] md: raid0 personality registered for level 0
[    9.505642] md: raid1 personality registered for level 1
[    9.590704] raid6: sse2x1   gen()  7629 MB/s
[    9.700675] raid6: sse2x1   xor()  6315 MB/s
[    9.820745] raid6: sse2x2   gen()  9918 MB/s
[    9.960713] raid6: sse2x2   xor()  7098 MB/s
[   10.048226] raid6: sse2x4   gen() 10458 MB/s
[   10.140720] raid6: sse2x4   xor()  8175 MB/s
[   10.161653] raid6: using algorithm sse2x4 gen() 10458 MB/s
[   10.162865] raid6: .... xor() 8175 MB/s, rmw enabled
[   10.163970] raid6: using ssse3x2 recovery algorithm
[   10.194365] xor: automatically using best checksumming function:
[   10.239860]    avx       : 13596.000 MB/sec
[   10.247440] async_tx: api initialized (async)
[   10.299957] md: raid6 personality registered for level 6
[   10.351057] md: raid5 personality registered for level 5
[   10.358479] md: raid4 personality registered for level 4
[   10.365079] md: raid10 personality registered for level 10
done.
Begin: Running /scripts/init-premount ... done.
Begin: Mounting root file system ... Begin: Running /scripts/local-top ... done.
Begin: Running /scripts/local-premount ... [   10.423887] Btrfs loaded
Scanning for Btrfs filesystems
done.
Warning: fsck not present, so skipping root file[   10.481647] EXT4-fs (sda1): mounted filesystem with ordered data mode. Opts: (null)
 system
done.
Begin: Running /scripts/local-bottom ... done.
Begin: Running /scripts/init-bottom ... done.
[   10.717003] systemd[1]: systemd 229 running in system mode. (+PAM +AUDIT +SELINUX +IMA +APPARMOR +SMACK +SYSVINIT +UTMP +LIBCRYPTSETUP +GCRYPT +GNUTLS +ACL +XZ -LZ4 +SECCOMP +BLKID +ELFUTILS +KMOD -IDN)
[   10.731906] systemd[1]: Detected virtualization oracle.
[   10.758948] systemd[1]: Detected architecture x86-64.

Welcome to [1mUbuntu 16.04.2 LTS[0m!

[   10.780798] systemd[1]: Set hostname to <ubuntu>.
[   10.787681] systemd[1]: Initializing machine ID from random generator.
[   10.821434] systemd[1]: Installed transient /etc/machine-id file.
[   11.001125] systemd[1]: Reached target Encrypted Volumes.
[[0;32m  OK  [0m] Reached target Encrypted Volumes.
[   11.044331] systemd[1]: Listening on udev Control Socket.
[[0;32m  OK  [0m] Listening on udev Control Socket.
[   11.054936] systemd[1]: Listening on Journal Audit Socket.
[[0;32m  OK  [0m] Listening on Journal Audit Socket.
[   11.064215] systemd[1]: Reached target User and Group Name Lookups.
[[0;32m  OK  [0m] Reached target User and Group Name Lookups.
[   11.067476] systemd[1]: Created slice System Slice.
[[0;32m  OK  [0m] Created slice System Slice.
[   11.073821] systemd[1]: Created slice system-serial\x2dgetty.slice.
[[0;32m  OK  [0m] Created slice system-serial\x2dgetty.slice.
[   11.110664] systemd[1]: Listening on udev Kernel Socket.
[[0;32m  OK  [0m] Listening on udev Kernel Socket.
[   11.115781] systemd[1]: Listening on Journal Socket (/dev/log).
[[0;32m  OK  [0m] Listening on Journal Socket (/dev/log).
[   11.160383] systemd[1]: Listening on /dev/initctl Compatibility Named Pipe.
[[0;32m  OK  [0m] Listening on /dev/initctl Compatibility Named Pipe.
[   11.171909] systemd[1]: Reached target Swap.
[[0;32m  OK  [0m] Reached target Swap.
[   11.178892] systemd[1]: Listening on Syslog Socket.
[[0;32m  OK  [0m] Listening on Syslog Socket.
[   11.181215] systemd[1]: Created slice User and Session Slice.
[[0;32m  OK  [0m] Created slice User and Session Slice.
[   11.190997] systemd[1]: Reached target Slices.
[[0;32m  OK  [0m] Reached target Slices.
[   11.192986] systemd[1]: Set up automount Arbitrary Executable File Formats File System Automount Point.
[[0;32m  OK  [0m] Set up automount Arbitrary Executab...ats File System Automount Point.
[   11.213592] systemd[1]: Listening on LVM2 metadata daemon socket.
[[0;32m  OK  [0m] Listening on LVM2 metadata daemon socket.
[   11.250055] systemd[1]: Listening on Device-mapper event daemon FIFOs.
[[0;32m  OK  [0m] Listening on Device-mapper event daemon FIFOs.
[   11.265066] systemd[1]: Listening on Journal Socket.
[[0;32m  OK  [0m] Listening on Journal Socket.
[   11.292028] systemd[1]: Mounting POSIX Message Queue File System...
         Mounting POSIX Message Queue File System...
[   11.340205] systemd[1]: Starting Uncomplicated firewall...
         Starting Uncomplicated firewall...
[   11.373745] systemd[1]: Starting Load Kernel Modules...
         Starting Load Kernel Modules...
[   11.388754] systemd[1]: Starting Nameserver information manager...
         [   11.396779] Loading iSCSI transport class v2.0-870.
Starting Nameserver information manager...
[   11.463126] systemd[1]: Mounting Huge Pages File System...
         Mounting Huge Pa[   11.477370] iscsi: registered transport (tcp)
ges File System...
[   11.648014] systemd[1]: Starting Create list of required static device nodes for the current kernel...
         Starting Create [   11.665859] iscsi: registered transport (iser)
list of required st... nodes for the current kernel...
[   11.709373] systemd[1]: Starting Remount Root and Kernel File Systems...
         Starting Remount[   11.720319] EXT4-fs (sda1): re-mounted. Opts: (null)
 Root and Kernel File Systems...
[   11.731746] systemd[1]: Started Trigger resolvconf update for networkd DNS.
[[0;32m  OK  [0m] Started Trigger resolvconf update for networkd DNS.
[   11.752235] systemd[1]: Starting Monitoring of LVM2 mirrors, snapshots etc. using dmeventd or progress polling...
         Starting Monitoring of LVM2 mirrors... dmeventd or progress polling...
[   11.786776] systemd[1]: Mounting Debug File System...
[   11.822025] random: nonblocking pool is initialized
         Mounting Debug File System...
[   11.831037] systemd[1]: Starting Set console keymap...
         Starting Set console keymap...
[   11.838745] systemd[1]: Started Forward Password Requests to Wall Directory Watch.
[[0;32m  OK  [0m] Started Forward Password Requests to Wall Directory Watch.
[   11.844122] systemd[1]: Listening on LVM2 poll daemon socket.
[[0;32m  OK  [0m] Listening on LVM2 poll daemon socket.
[   11.908635] systemd[1]: Starting Journal Service...
         Starting Journal Service...
[   11.969018] systemd[1]: Mounted POSIX Message Queue File System.
[[0;32m  OK  [0m] Mounted POSIX Message Queue File System.
[   12.020140] systemd[1]: Mounted Huge Pages File System.
[[0;32m  OK  [0m] Mounted Huge Pages File System.
[   12.036101] systemd[1]: Mounted Debug File System.
[[0;32m  OK  [0m] Mounted Debug File System.
[   12.044223] systemd[1]: Started Journal Service.
[[0;32m  OK  [0m] Started Journal Service.
[[0;32m  OK  [0m] Started Uncomplicated firewall.
[[0;32m  OK  [0m] Started Load Kernel Modules.
[[0;32m  OK  [0m] Started Create list of required sta...ce nodes for the current kernel.
[[0;32m  OK  [0m] Started Remount Root and Kernel File Systems.
[[0;32m  OK  [0m] Started Set console keymap.
[[0;32m  OK  [0m] Started Nameserver information manager.
[[0;32m  OK  [0m] Started LVM2 metadata daemon.
         Starting Initial cloud-init job (pre-networking)...
         Starting udev Coldplug all Devices...
         Starting Load/Save Random Seed...
         Starting Create Static Device Nodes in /dev...
         Starting Apply Kernel Variables...
         Mounting FUSE Control File System...
         Starting Flush Journal to Persistent Storage...
[[0;32m  OK  [0m] Mounted FUSE Control File System.
[[0;32m  OK  [0m] Started Load/Save Random Seed.
[[0;32m  OK  [0m] Started Create Static Device Nodes in /dev.
[[0;32m  OK  [0m] Started Apply Kernel Variables.
[[0;32m  OK  [0m] Started udev Coldplug all Devices.
[[0;32m  OK  [0m] Started Flush Journal to Persistent Storage.
[[0;32m  OK  [0m] Started Monitoring of LVM2 mirrors,...ng dmeventd or progress polling.
         Starting udev Kernel Device Manager...
[[0;32m  OK  [0m] Started udev Kernel Device Manager.
[[0;32m  OK  [0m] Reached target Local File Systems (Pre).
[[0;32m  OK  [0m] Reached target Local File Systems.
         Starting Create Volatile Files and Directories...
         Starting Commit a transient machine-id on disk...
         Starting Set console font and keymap...
         Starting LSB: AppArmor initialization...
         Starting Tell Plymouth To Write Out Runtime Data...
[[0;32m  OK  [0m] Started Dispatch Password Requests to Console Directory Watch.
[[0;32m  OK  [0m] Started Create Volatile Files and Directories.
[[0;32m  OK  [0m] Started Commit a transient machine-id on disk.
[[0;32m  OK  [0m] Started Tell Plymouth To Write Out Runtime Data.
[   12.543217] cloud-init[443]: Cloud-init v. 0.7.9 running 'init-local' at Fri, 23 Jun 2017 04:42:53 +0000. Up 12.21 seconds.
[[0;32m  OK  [0m] Started Initial cloud-init job (pre-networking).
[[0;32m  OK  [0m] Found device /dev/ttyS0.
[[0;32m  OK  [0m] Started Set console font and keymap.
[[0;32m  OK  [0m] Listening on Load/Save RF Kill Switch Status /dev/rfkill Watch.
[[0;32m  OK  [0m] Created slice system-getty.slice.
[[0;32m  OK  [0m] Reached target Network (Pre).
         Starting Update UTMP about System Boot/Shutdown...
[[0;32m  OK  [0m] Reached target System Time Synchronized.
[[0;32m  OK  [0m] Started Update UTMP about System Boot/Shutdown.
[[0;32m  OK  [0m] Started LSB: AppArmor initialization.
         Starting Raise network interfaces...
[[0;32m  OK  [0m] Started Raise network interfaces.
         Starting Initial cloud-init job (metadata service crawler)...
[[0;32m  OK  [0m] Reached target Network.
[   15.919563] cloud-init[944]: Cloud-init v. 0.7.9 running 'init' at Fri, 23 Jun 2017 04:42:56 +0000. Up 15.24 seconds.
[   15.938219] cloud-init[944]: ci-info: ++++++++++++++++++++++++++++++++++++++Net device info++++++++++++++++++++++++++++++++++++++
[   15.992577] cloud-init[944]: ci-info: +--------+-------+----------------------------+---------------+-------+-------------------+
[   15.993036] cloud-init[944]: ci-info: | Device |   Up  |          Address           |      Mask     | Scope |     Hw-Address    |
[[0;32m  OK  [0m] Started Initial cloud-init job (metadata service crawler).
[   15.993299] [cloud-init[0;32m  OK  [0m[944]: ] ci-info: +--------+-------+----------------------------+---------------+-------+-------------------+Reached target System Initialization.

[[0;32m  OK  [0m] Started Timer to automatically refresh installed snaps.
[   16.001207] cloud-init[944]: ci-info: | enp0s8 | False |             .              |       .       |   .   | 08:00:27:d5:ec:39 |
[   16.015064]          cloud-initStarting LXD - unix socket.[944]: 
ci-info: | enp0s3 |  True |         10.0.2.15          | 255.255.255.0 |   .   | 02:a1:c7:cf:6b:93 |
[   16.023659] cloud-init[944]: ci-info: | enp0s3 |  True | fe80::a1:c7ff:fecf:6b93/64 |       .       |  link | 02:a1:c7:cf:6b:93 |
[[0;32m  OK  [0m] Listening on D-Bus System Message Bus Socket.
[   16.026688] [[0;32m  OK  [0m] Listening on UUID daemon activation socket.
[[0;32m  OK  [0m] Listening on ACPID Listen Socket.
cloud-init[944]: ci-info: |   lo   |  True |         127.0.0.1          |   255.0.0.0   |   .   |         .         |[[0;32m  OK  [0m] Started ACPI Events Check.
[[0;32m  OK  [0m] Reached target Paths.

[[0;32m  OK  [0m] Started Daily Cleanup of Temporary Directories.
[   16.039988] cloud-init[944]: ci-info: |   lo   |  True |          ::1/128           |       .       |  host |         .         |
[   16.045194] [cloud-init[0;32m  OK  [0m[944]: ] ci-info: +--------+-------+----------------------------+---------------+-------+-------------------+Started Daily apt activities.

[[0;32m  OK  [0m] Reached target Timers.
[   16.045732] cloud-init[944]: ci-info: +++++++++++++++++++++++++++Route IPv4 info++++++++++++++++++++++++++++
[   16.066643]          cloud-initStarting Socket activation for snappy daemon.[944]: 
ci-info: +-------+-------------+----------+---------------+-----------+-------+
[   16.121513] [cloud-init[0;32m  OK  [0m[944]: ] ci-info: | Route | Destination | Gateway  |    Genmask    | Interface | Flags |Reached target Cloud-config availability.

[   16.122692] [[0;32m  OK  [0m] Reached target Network is Online.
cloud-init[944]: ci-info: +-------+-------------+----------+---------------+-----------+-------+
[   16.136605] cloud-init[944]: ci-info: |   0   |   0.0.0.0   | 10.0.2.2 |    0.0.0.0    |   enp0s3  |   UG  |
[   16.150784]          cloud-initStarting iSCSI initiator daemon (iscsid)...[944]: 
ci-info: |   1   |   10.0.2.0  | 0.0.0.0  | 255.255.255.0 |   enp0s3  |   U   |
[[0;32m  OK  [0m] Listening on LXD - unix socket.
[[0;32m  OK  [0m] Listening on Socket activation for snappy daemon.
[   16.155791] cloud-init[944]: ci-info: +-------+-------------+----------+---------------+-----------+-------+
[   16.172808] [[0;32m  OK  [0m] Started iSCSI initiator daemon (iscsid).
cloud-init[944]: Generating public/private rsa key pair.
[   16.175676] cloud-init[944]: Your identification has been saved in /etc/ssh/ssh_host_rsa_key.
[   16.200833] cloud-init[944]: Your public key has been saved in /etc/ssh/ssh_host_rsa_key.pub.
         Starting Login to default iSCSI targets...
[[0;32m  OK  [0m] Reached target Sockets.
[[0;32m  OK  [0m] Reached target Basic System.
[   16.261638] cloud-init[944]: The key fingerprint is:
[   16.304981] cloud-init[944]: SHA256:ISn1lJkFf0yU2iv6RAJA7fVsXVMsmSbN7UPMJtuBYss root@ubuntu-xenial
[   16.324180] cloud-init[944]: The key's randomart image is:
[   16.324591] cloud-init[944]: +---[RSA 2048]----+
[[0;32m  OK  [0m] Started Regular background program processing daemon.
[   16.324856] cloud-init[944]: |   .o.. o*..o++*.|
[   16.332759] cloud-init[944]: |     o.+=. =ooX*o|
[   16.333185] cloud-init[944]: |    ..+.oo++=+*+.|
         Starting Accounts Service...
[   16.335074] cloud-init[944]: |     ..o .=Eo. o.|
[   16.368490] cloud-init[944]: |        S..  .  .|
[   16.371189] cloud-init[944]: |         o. .    |
[   16.374863] cloud-init[944]: |         ...     |
[   16.375255] cloud-init[944]: |        ..       |
[[0;32m  OK  [0m] Started Snappy daemon.
[   16.375402] cloud-init[944]: |         ..      |
[   16.379467] cloud-init[944]: +----[SHA256]-----+
[   16.384152] cloud-init[944]: Generating public/private dsa key pair.
[   16.384489] cloud-init[944]: Your identification has been saved in /etc/ssh/ssh_host_dsa_key.
[[0;32m  OK  [0m] Started Deferred execution scheduler.
[   16.384630] cloud-init[944]: Your public key has been saved in /etc/ssh/ssh_host_dsa_key.pub.
[   16.444518] cloud-init[944]: The key fingerprint is:
         Starting /etc/rc.local Compatibility...
[[0;32m  OK  [0m] Started FUSE filesystem for LXC.
         Starting Pollinate to seed the pseudo random number generator...
[[0;32m  OK  [0m] Started D-Bus System Message Bus.
[   16.463418] cloud-init[944]: SHA256:4mwb/XItlBlCgF4fqDIZV4FQj+bVd0UuO4MJhTUybrI root@ubuntu-xenial
[   16.536529] cloud-init[944]: The key's randomart image is:
[   16.572350]          cloud-initStarting Auto import assertions from block devices...[944]: 
+---[DSA 1024]----+
[   16.585365] cloud-init[944]: |  .o.+++oo+  .o  |
         Starting System Logging Service...
         Starting Apply the settings specified in cloud-config...
         Starting Login Service...
[   16.594439] cloud-init[944]: |  . +ooo++ . o   |
[   16.676885] cloud-init[944]: |   =oo+o=.. o .  |
[   16.678151] cloud-init[944]: |  +oo. +oo.+ o   |
[   16.685987] cloud-init[944]: |   o. E S.o++    |
         Starting LSB: Record successful boot for GRUB...
[[0;32m  OK  [0m] Started Unattended Upgrades Shutdown.
[   16.694287] cloud-init[944]: |     o o  +  o   |
[   16.792454] cloud-init[944]: |      = .. .     |
[[0;32m  OK  [0m] Started ACPI event daemon.
[   16.802696] cloud-init[944]: |     . o..o .    |
[   16.877005] cloud-init[944]: |      .  o..     |
         Starting LXD - container startup/shutdown...
[   16.877680] cloud-init[944]: +----[SHA256]-----+
         Starting LSB: MD monitoring daemon...
[[0;32m  OK  [0m] Started System Logging Service.
[[0;32m  OK  [0m] Started /etc/rc.local Compatibility.
[[0;32m  OK  [0m] Started Auto import assertions from block devices.
[[0;32m  OK  [0m] Started LXD - container startup/shutdown.
[   16.948744] cloud-init[944]: Generating public/private ecdsa key pair.
[   17.056088] cloud-init[944]: Your identification has been saved in /etc/ssh/ssh_host_ecdsa_key.
[   17.059584] cloud-init[944]: Your public key has been saved in /etc/ssh/ssh_host_ecdsa_key.pub.
[   17.095290] cloud-init[944]: The key fingerprint is:
[   17.104366] cloud-init[944]: SHA256:tN/8tg6deTs/UrcGCL3Lat1m8OssiiGpimccKVWqdCE root@ubuntu-xenial
[   17.126447] [cloud-init[0;32m  OK  [0m[944]: ] The key's randomart image is:Started Login to default iSCSI targets.

[   17.126791] cloud-init[944]: +---[ECDSA 256]---+
[   17.216236] cloud-init[944]: |                 |
[   17.219167] cloud-init[944]: | E ..            |
[   17.223449] cloud-init[944]: |  .o.   . .      |
[   17.228485] cloud-init[944]: | .o.   . o .     |
[   17.243669] cloud-init[944]: |.o..    S . o    |
[   17.256686] cloud-init[944]: |o o   .  . * o +.|
[[0;32m  OK  [0m] Started LSB: Record successful boot for GRUB.
[   17.257118] cloud-init[944]: | o . o .  + O * +|
[   17.270846] cloud-init[944]: |. + . . o. =.O.*.|
[   17.272403] cloud-init[944]: |.+..   ..oo =*Bo=|
[   17.292747] cloud-init[944]: +----[SHA256]-----+
[   17.297216] cloud-init[944]: Generating public/private ed25519 key pair.
[   17.345748]          cloud-initStarting Authenticate and Authorize Users to Run Privileged Tasks...[944]: 
Your identification has been saved in /etc/ssh/ssh_host_ed25519_key.
[   17.382585] [cloud-init[0;32m  OK  [0m[944]: ] Your public key has been saved in /etc/ssh/ssh_host_ed25519_key.pub.Reached target Remote File Systems (Pre).

[[0;32m  OK  [0m] Reached target Remote File Systems.
[   17.382927] cloud-init[944]: The key fingerprint is:
[   17.401712] cloud-init[944]: SHA256:5qS466sH6dFhrrFpE0SsTos+faq1vh8Kh7JPXxEdU00 root@ubuntu-xenial
[   17.413330] cloud-init[944]: The key's randomart image is:
[   17.418881]          cloud-initStarting Permit User Sessions...[944]: 
+--[ED25519 256]--+
[   17.432300]          cloud-initStarting LSB: Set the CPU Frequency Scaling governor to "ondemand"...[944]: 
| .      o..oE    |
[   17.436467] cloud-init[944]: |  o    . o  .    |
[   17.448299]          cloud-initStarting LSB: VirtualBox Linux Additions...[944]: 
| o    . .        |
         Starting LSB: daemon to balance interrupts for SMP systems...
[   17.470448] cloud-init[944]: |... o  .         |
[   17.491298] cloud-init[944]: |+..= .. S        |
[   17.499161] cloud-init[944]: |.oB o. *         |
         Starting LSB: automatic crash report generation...
[[0;32m  OK  [0m] Started Pollinate to seed the pseudo random number generator.
[[0;32m  OK  [0m] Started LSB: MD monitoring daemon.
[[0;32m  OK  [0m] Started Permit User Sessions.
[   17.506199] cloud-init[944]: |o+o@..o .        |
[   17.544274] cloud-init[944]: |.=@o++.          |
[   17.544411] cloud-init[944]: |.+*@@+           |
[   17.544457] cloud-init[944]: +----[SHA256]-----+
[[0;32m  OK  [0m] Started Login Service.
[[0;32m  OK  [0m] Started Authenticate and Authorize Users to Run Privileged Tasks.
[[0;32m  OK  [0m] Started Accounts Service.
[   17.551292] cloud-init[1115]: Generating locales (this might take a while)...
[[0;32m  OK  [0m] Started LSB: Set the CPU Frequency Scaling governor to "ondemand".
         Starting Hold until boot process finishes up...
         Starting Terminate Plymouth Boot Screen...
         Starting OpenBSD Secure Shell server...
[[0;32m  OK  [0m] Started LSB: VirtualBox Linux Additions.
[[0;32m  OK  [0m] Started LSB: daemon to balance interrupts for SMP systems.
[[0;32m  OK  [0m] Started LSB: automatic crash report generation.
[[0;32m  OK  [0m] Started Hold until boot process finishes up.
[[0;32m  OK  [0m] Started Terminate Plymouth Boot Screen.
[[0;32m  OK  [0m] Started OpenBSD Secure Shell server.
[[0;32m  OK  [0m] Started Getty on tty1.
[[0;32m  OK  [0m] Started Serial Getty on ttyS0.
[[0;32m  OK  [0m] Reached target Login Prompts.
         Starting Set console scheme...
[[0;32m  OK  [0m] Reached target Multi-User System.
[[0;32m  OK  [0m] Reached target Graphical Interface.
         Starting Update UTMP about System Runlevel Changes...
[[0;32m  OK  [0m] Started Set console scheme.
[[0;32m  OK  [0m] Started Update UTMP about System Runlevel Changes.
[   18.320209] cloud-init[1115]:   en_US.UTF-8... done
[   18.344361] cloud-init[1115]: Generation complete.
         Stopping OpenBSD Secure Shell server...
[[0;32m  OK  [0m] Stopped OpenBSD Secure Shell server.
         Starting OpenBSD Secure Shell server...
[[0;32m  OK  [0m] Started OpenBSD Secure Shell server.
[[0;32m  OK  [0m] Created slice User Slice of ubuntu.
         Starting User Manager for UID 1000...
[[0;32m  OK  [0m] Started Session 1 of user ubuntu.
[[0;32m  OK  [0m] Started User Manager for UID 1000.
[   18.936059] cloud-init[1115]: Cloud-init v. 0.7.9 running 'modules:config' at Fri, 23 Jun 2017 04:42:58 +0000. Up 17.09 seconds.
[[0;32m  OK  [0m] Started Apply the settings specified in cloud-config.
         Starting Execute cloud user/final scripts...
ci-info: no authorized ssh keys fingerprints found for user ubuntu.
<14>Jun 23 04:43:01 ec2: 
<14>Jun 23 04:43:01 ec2: #############################################################
<14>Jun 23 04:43:01 ec2: -----BEGIN SSH HOST KEY FINGERPRINTS-----
<14>Jun 23 04:43:01 ec2: 1024 SHA256:4mwb/XItlBlCgF4fqDIZV4FQj+bVd0UuO4MJhTUybrI root@ubuntu-xenial (DSA)
<14>Jun 23 04:43:01 ec2: 256 SHA256:tN/8tg6deTs/UrcGCL3Lat1m8OssiiGpimccKVWqdCE root@ubuntu-xenial (ECDSA)
<14>Jun 23 04:43:01 ec2: 256 SHA256:5qS466sH6dFhrrFpE0SsTos+faq1vh8Kh7JPXxEdU00 root@ubuntu-xenial (ED25519)
<14>Jun 23 04:43:01 ec2: 2048 SHA256:ISn1lJkFf0yU2iv6RAJA7fVsXVMsmSbN7UPMJtuBYss root@ubuntu-xenial (RSA)
<14>Jun 23 04:43:01 ec2: -----END SSH HOST KEY FINGERPRINTS-----
<14>Jun 23 04:43:01 ec2: #############################################################
-----BEGIN SSH HOST KEY KEYS-----
ecdsa-sha2-nistp256 AAAAE2VjZHNhLXNoYTItbmlzdHAyNTYAAAAIbmlzdHAyNTYAAABBBCpfwPpu2ucVOlWWkMjB46dRXgX2+5gR1Im40uANKRjD6J2fUuEBFQpE97hJGL+ThtMTE26KhPXYik59Vq4q46w= root@ubuntu-xenial
ssh-ed25519 AAAAC3NzaC1lZDI1NTE5AAAAIDsC5DRXpGE+G6EWeDzBaRgiS/pO9omwZEAV2dWJpy3D root@ubuntu-xenial
ssh-rsa AAAAB3NzaC1yc2EAAAADAQABAAABAQDVyj6AMMwnJZmeXJLOIe69dsvrXwA64tubNh34NZxcHlfC1QVFuGVNewnCQc6oKwyKo0uaIIuU5aNwZhOKZPv8BoaLmU27mBFDf6rztoPPxYICddsI7u49CcN5i1pbrR/52CY8/LcP775onKuIIYTD58JzDEu+5j108NBDtQuJK+iETvWM5FiarHkSy5ngf+6kkxRY+FgeqDDgQqfi1WPfe9urXv2WmgLb6XE3F87kg8sHsgaBH85EkS0AvxVLN2Z43WY1bMjuDB9wgPmTtSsASP5faE3/l5FUcoChWeCPVz0SNTVnZvS/uRU8XT1YtFGOrhDLSx9UzleE9RGncsop root@ubuntu-xenial
-----END SSH HOST KEY KEYS-----
[   19.910723] cloud-init[1348]: Cloud-init v. 0.7.9 running 'modules:final' at Fri, 23 Jun 2017 04:43:01 +0000. Up 19.52 seconds.
[   19.965386] cloud-init[1348]: ci-info: no authorized ssh keys fingerprints found for user ubuntu.
[[   19.993468] cloud-init[1348]: Cloud-init v. 0.7.9 finished at Fri, 23 Jun 2017 04:43:01 +0000. Datasource DataSourceNoCloud [seed=/dev/sdb][dsmode=net].  Up 19.89 seconds
[0;32m  OK  [0m] Started Execute cloud user/final scripts.
[[0;32m  OK  [0m] Reached target Cloud-init target.

Ubuntu 16.04.2 LTS ubuntu-xenial ttyS0

ubuntu-xenial login: 